#INFO: **** input file is /workspace/scripts/optimize_water.py ****
from pyscf import gto, dft
from pyscf.geomopt.geometric_solver import optimize
from pathlib import Path

# Define water molecule (starting geometry)
mol = gto.M(atom='''
O  0.0000  0.0000  0.0000
H  0.0000 -0.7570  0.5870
H  0.0000  0.7570  0.5870
''', basis='def2-svp', unit='Angstrom', verbose=4)

# Set up B3LYP calculation
mf = dft.RKS(mol)
mf.xc = 'B3LYP'
mf.grids.level = 3
mf.conv_tol = 1e-9

# Optimize geometry
mol_opt = optimize(mf, maxsteps=100)

# Save optimized geometry
xyz_file = Path("results/water_opt.xyz")
with xyz_file.open("w") as f:
    f.write(f"{mol_opt.natm}\nOptimized H2O (B3LYP/def2-SVP)\n")
    for i, (x, y, z) in enumerate(mol_opt.atom_coords()):
        symbol = mol_opt.atom_symbol(i)
        f.write(f"{symbol:2s} {x:.8f} {y:.8f} {z:.8f}\n")

print(f"Optimized geometry saved to {xyz_file}")
#INFO: ******************** input file end ********************


System: uname_result(system='Linux', node='c04ddebe69ff', release='7.0.12-linuxkit', version='#1 SMP PREEMPT Wed Aug 12 20:18:49 UTC 2026', machine='aarch64')  Threads 1
Python 3.10.21 (main, Aug 13 2026, 19:52:05) [GCC 14.2.0]
numpy 1.26.4  scipy 1.13.1
Date: Mon Aug 24 16:25:21 2026
PySCF version 2.4.0
PySCF path  /usr/local/lib/python3.10/site-packages/pyscf

[CONFIG] conf_file None
[INPUT] verbose = 4
[INPUT] num. atoms = 3
[INPUT] num. electrons = 10
[INPUT] charge = 0
[INPUT] spin (= nelec alpha-beta = 2S) = 0
[INPUT] symmetry False subgroup None
[INPUT] Mole.unit = Angstrom
[INPUT] Symbol           X                Y                Z      unit          X                Y                Z       unit  Magmom
[INPUT]  1 O      0.000000000000   0.000000000000   0.000000000000 AA    0.000000000000   0.000000000000   0.000000000000 Bohr   0.0
[INPUT]  2 H      0.000000000000  -0.757000000000   0.587000000000 AA    0.000000000000  -1.430522676296   1.109269235120 Bohr   0.0
[INPUT]  3 H      0.000000000000   0.757000000000   0.587000000000 AA    0.000000000000   1.430522676296   1.109269235120 Bohr   0.0

nuclear repulsion = 9.18825841774611
number of shells = 12
number of NR pGTOs = 38
number of NR cGTOs = 24
basis = def2-svp
ecp = {}
CPU time:         0.37
Create scanner for <class 'pyscf.grad.rks.Gradients'>
Create scanner for <class 'pyscf.dft.rks.RKS'>

Geometry optimization cycle 1
Cartesian coordinates (Angstrom)
 Atom        New coordinates             dX        dY        dZ
   O   0.000000   0.000000   0.000000    0.000000  0.000000  0.000000
   H   0.000000  -0.757000   0.587000    0.000000  0.000000  0.000000
   H   0.000000   0.757000   0.587000    0.000000  0.000000  0.000000
New geometry
   1 O      0.000000000000   0.000000000000   0.000000000000 AA    0.000000000000   0.000000000000   0.000000000000 Bohr

   2 H      0.000000000000  -0.757000000000   0.587000000000 AA    0.000000000000  -1.430522676296   1.109269235120 Bohr

   3 H      0.000000000000   0.757000000000   0.587000000000 AA    0.000000000000   1.430522676296   1.109269235120 Bohr



******** <class 'pyscf.scf.hf.RKS_Scanner'> ********
method = RKS_Scanner
initial guess = minao
damping factor = 0
level_shift factor = 0
DIIS = <class 'pyscf.scf.diis.CDIIS'>
diis_start_cycle = 1
diis_space = 8
SCF conv_tol = 1e-09
SCF conv_tol_grad = None
SCF max_cycles = 50
direct_scf = True
direct_scf_tol = 1e-13
chkfile to save SCF result = /tmp/tmplkgkbw_r
max_memory 4000 MB (current use 110 MB)
XC library pyscf.dft.libxc version 6.1.0
    S. Lehtola, C. Steigemann, M. J.T. Oliveira, and M. A.L. Marques.,  SoftwareX 7, 1–5 (2018)
XC functionals = B3LYP
    P. J. Stephens, F. J. Devlin, C. F. Chabalowski, and M. J. Frisch.,  J. Phys. Chem. 98, 11623 (1994)
radial grids: 
    Treutler-Ahlrichs [JCP 102, 346 (1995); DOI:10.1063/1.469408] (M4) radial grids
    
becke partition: Becke, JCP 88, 2547 (1988); DOI:10.1063/1.454033
pruning grids: <function nwchem_prune at 0xffff7c57eb00>
grids dens level: 3
symmetrized grids: False
atomic radii adjust function: <function treutler_atomic_radii_adjust at 0xffff7c57ea70>
small_rho_cutoff = 1e-07
Set gradient conv threshold to 3.16228e-05
Initial guess from minao.
tot grids = 34312
init E= -76.2903786510569
  HOMO = -0.431530131651883  LUMO = 0.00351704195601528
cycle= 1 E= -76.2673498102587  delta_E= 0.023  |g|= 0.702  |ddm|=  1.4
  HOMO = -0.124692500106454  LUMO = 0.0762407355858333
cycle= 2 E= -76.1823516520195  delta_E= 0.085  |g|= 0.976  |ddm|= 1.08
  HOMO = -0.297554061350036  LUMO = 0.0431682418753132
cycle= 3 E= -76.3580432206906  delta_E= -0.176  |g|= 0.024  |ddm|= 0.666
  HOMO = -0.291461689800073  LUMO = 0.0473122799312647
cycle= 4 E= -76.3581472298511  delta_E= -0.000104  |g|= 0.00371  |ddm|= 0.0144
  HOMO = -0.291772519589122  LUMO = 0.0470145970824563
cycle= 5 E= -76.3581494550256  delta_E= -2.23e-06  |g|= 0.000427  |ddm|= 0.00208
  HOMO = -0.2919075277261  LUMO = 0.0469912440531242
cycle= 6 E= -76.3581494901046  delta_E= -3.51e-08  |g|= 8.21e-06  |ddm|= 0.00031
  HOMO = -0.291908007512004  LUMO = 0.0469902126024218
cycle= 7 E= -76.3581494901369  delta_E= -3.23e-11  |g|= 1.15e-06  |ddm|= 1.55e-05
  HOMO = -0.291907649270601  LUMO = 0.0469903950579694
Extra cycle  E= -76.358149490137  delta_E= -1.42e-13  |g|= 8.74e-07  |ddm|= 1.67e-06
converged SCF energy = -76.358149490137


******** <class 'pyscf.grad.rhf.Gradients_Scanner'> for <class 'pyscf.scf.hf.RKS_Scanner'> ********
unit = Eh/Bohr
max_memory 4000 MB (current use 154 MB)
grid_response = False
--------------- RKS_Scanner gradients ---------------
         x                y                z
0 O    -0.0000000000    -0.0000000000     0.0124268525
1 H     0.0000000000     0.0056053080    -0.0062176572
2 H     0.0000000000    -0.0056053080    -0.0062176572
----------------------------------------------
cycle 1: E = -76.3581494901  dE = -76.3581  norm(grad) = 0.0171635

Geometry optimization cycle 2
Cartesian coordinates (Angstrom)
 Atom        New coordinates             dX        dY        dZ
   O   0.000000  -0.000000  -0.007331    0.000000 -0.000000 -0.007331
   H  -0.000000  -0.758191   0.590800   -0.000000 -0.001191  0.003800
   H   0.000000   0.758191   0.590800    0.000000  0.001191  0.003800
New geometry
   1 O      0.000000000000  -0.000000000000  -0.007330524450 AA    0.000000000000  -0.000000000000  -0.013852683561 Bohr

   2 H     -0.000000000000  -0.758191132612   0.590799599184 AA   -0.000000000000  -1.432773590710   1.116449436960 Bohr

   3 H      0.000000000000   0.758191132612   0.590799599184 AA    0.000000000000   1.432773590710   1.116449436960 Bohr


WARN: Large deviations found between the input molecule and the molecule from chkfile
Initial guess density matrix may have large error.



******** <class 'pyscf.scf.hf.RKS_Scanner'> ********
method = RKS_Scanner
initial guess = minao
damping factor = 0
level_shift factor = 0
DIIS = <class 'pyscf.scf.diis.CDIIS'>
diis_start_cycle = 1
diis_space = 8
SCF conv_tol = 1e-09
SCF conv_tol_grad = None
SCF max_cycles = 50
direct_scf = True
direct_scf_tol = 1e-13
chkfile to save SCF result = /tmp/tmplkgkbw_r
max_memory 4000 MB (current use 154 MB)
XC library pyscf.dft.libxc version 6.1.0
    S. Lehtola, C. Steigemann, M. J.T. Oliveira, and M. A.L. Marques.,  SoftwareX 7, 1–5 (2018)
XC functionals = B3LYP
    P. J. Stephens, F. J. Devlin, C. F. Chabalowski, and M. J. Frisch.,  J. Phys. Chem. 98, 11623 (1994)
radial grids: 
    Treutler-Ahlrichs [JCP 102, 346 (1995); DOI:10.1063/1.469408] (M4) radial grids
    
becke partition: Becke, JCP 88, 2547 (1988); DOI:10.1063/1.454033
pruning grids: <function nwchem_prune at 0xffff7c57eb00>
grids dens level: 3
symmetrized grids: False
atomic radii adjust function: <function treutler_atomic_radii_adjust at 0xffff7c57ea70>
small_rho_cutoff = 1e-07
Set gradient conv threshold to 3.16228e-05
tot grids = 34312
init E= -76.3509109052682
  HOMO = -0.296112515774893  LUMO = 0.042004984332412
cycle= 1 E= -76.3583018592922  delta_E= -0.00739  |g|= 0.00674  |ddm|= 0.0199
  HOMO = -0.289868753322473  LUMO = 0.0456046456103134
cycle= 2 E= -76.3582984118567  delta_E= 3.45e-06  |g|= 0.00856  |ddm|= 0.0102
  HOMO = -0.291605825923522  LUMO = 0.0451694721925422
cycle= 3 E= -76.3583112775649  delta_E= -1.29e-05  |g|= 0.000709  |ddm|= 0.00539
  HOMO = -0.291588709806388  LUMO = 0.0450987586024962
cycle= 4 E= -76.3583113636931  delta_E= -8.61e-08  |g|= 0.000113  |ddm|= 0.000521
  HOMO = -0.291620029183258  LUMO = 0.0450910068267369
cycle= 5 E= -76.3583113660843  delta_E= -2.39e-09  |g|= 2.58e-06  |ddm|= 7.2e-05
  HOMO = -0.291620268600638  LUMO = 0.0450911277018219
cycle= 6 E= -76.3583113660888  delta_E= -4.49e-12  |g|= 3.08e-07  |ddm|= 6.49e-06
  HOMO = -0.291620091177559  LUMO = 0.0450911671686255
Extra cycle  E= -76.3583113660886  delta_E= 1.28e-13  |g|= 4.09e-07  |ddm|= 5.39e-07
converged SCF energy = -76.3583113660886


******** <class 'pyscf.grad.rhf.Gradients_Scanner'> for <class 'pyscf.scf.hf.RKS_Scanner'> ********
unit = Eh/Bohr
max_memory 4000 MB (current use 155 MB)
grid_response = False
--------------- RKS_Scanner gradients ---------------
         x                y                z
0 O     0.0000000000     0.0000000000     0.0017512946
1 H     0.0000000000     0.0002943810    -0.0008797223
2 H     0.0000000000    -0.0002943810    -0.0008797223
----------------------------------------------
cycle 2: E = -76.3583113661  dE = -0.000161876  norm(grad) = 0.00218819

Geometry optimization cycle 3
Cartesian coordinates (Angstrom)
 Atom        New coordinates             dX        dY        dZ
   O   0.000000  -0.000000  -0.009344   -0.000000 -0.000000 -0.002013
   H  -0.000000  -0.756869   0.591957   -0.000000  0.001322  0.001157
   H  -0.000000   0.756869   0.591957   -0.000000 -0.001322  0.001157
New geometry
   1 O      0.000000000000  -0.000000000000  -0.009343919793 AA    0.000000000000  -0.000000000000  -0.017657449338 Bohr

   2 H     -0.000000000000  -0.756868868994   0.591957029418 AA   -0.000000000000  -1.430274874608   1.118636663111 Bohr

   3 H     -0.000000000000   0.756868868994   0.591957029418 AA   -0.000000000000   1.430274874608   1.118636663111 Bohr


WARN: Large deviations found between the input molecule and the molecule from chkfile
Initial guess density matrix may have large error.



******** <class 'pyscf.scf.hf.RKS_Scanner'> ********
method = RKS_Scanner
initial guess = minao
damping factor = 0
level_shift factor = 0
DIIS = <class 'pyscf.scf.diis.CDIIS'>
diis_start_cycle = 1
diis_space = 8
SCF conv_tol = 1e-09
SCF conv_tol_grad = None
SCF max_cycles = 50
direct_scf = True
direct_scf_tol = 1e-13
chkfile to save SCF result = /tmp/tmplkgkbw_r
max_memory 4000 MB (current use 155 MB)
XC library pyscf.dft.libxc version 6.1.0
    S. Lehtola, C. Steigemann, M. J.T. Oliveira, and M. A.L. Marques.,  SoftwareX 7, 1–5 (2018)
XC functionals = B3LYP
    P. J. Stephens, F. J. Devlin, C. F. Chabalowski, and M. J. Frisch.,  J. Phys. Chem. 98, 11623 (1994)
radial grids: 
    Treutler-Ahlrichs [JCP 102, 346 (1995); DOI:10.1063/1.469408] (M4) radial grids
    
becke partition: Becke, JCP 88, 2547 (1988); DOI:10.1063/1.454033
pruning grids: <function nwchem_prune at 0xffff7c57eb00>
grids dens level: 3
symmetrized grids: False
atomic radii adjust function: <function treutler_atomic_radii_adjust at 0xffff7c57ea70>
small_rho_cutoff = 1e-07
Set gradient conv threshold to 3.16228e-05
tot grids = 34312
init E= -76.3573419323568
  HOMO = -0.292125099868498  LUMO = 0.0444761519964543
cycle= 1 E= -76.3583156846114  delta_E= -0.000974  |g|= 0.000548  |ddm|= 0.00559
  HOMO = -0.291561474050371  LUMO = 0.0448392869395888
cycle= 2 E= -76.3583157121626  delta_E= -2.76e-08  |g|= 0.000527  |ddm|= 0.000833
  HOMO = -0.291690551502629  LUMO = 0.0448059157114229
cycle= 3 E= -76.3583157584351  delta_E= -4.63e-08  |g|= 0.000125  |ddm|= 0.000385
  HOMO = -0.291675730722677  LUMO = 0.0448030199417949
cycle= 4 E= -76.358315761287  delta_E= -2.85e-09  |g|= 1.26e-05  |ddm|= 9.55e-05
  HOMO = -0.291676977504439  LUMO = 0.0448037011513963
cycle= 5 E= -76.3583157613162  delta_E= -2.92e-11  |g|= 8.41e-07  |ddm|= 7.69e-06
  HOMO = -0.291677192651612  LUMO = 0.0448036161488983
Extra cycle  E= -76.3583157613164  delta_E= -1.99e-13  |g|= 4.59e-07  |ddm|= 1.27e-06
converged SCF energy = -76.3583157613164


******** <class 'pyscf.grad.rhf.Gradients_Scanner'> for <class 'pyscf.scf.hf.RKS_Scanner'> ********
unit = Eh/Bohr
max_memory 4000 MB (current use 155 MB)
grid_response = False
--------------- RKS_Scanner gradients ---------------
         x                y                z
0 O    -0.0000000000    -0.0000000000     0.0000130507
1 H     0.0000000000     0.0000748337    -0.0000104679
2 H    -0.0000000000    -0.0000748337    -0.0000104679
----------------------------------------------
cycle 3: E = -76.3583157613  dE = -4.39523e-06  norm(grad) = 0.000107655

Geometry optimization cycle 4
Cartesian coordinates (Angstrom)
 Atom        New coordinates             dX        dY        dZ
   O   0.000000   0.000000  -0.009177    0.000000  0.000000  0.000167
   H  -0.000000  -0.757039   0.591996   -0.000000 -0.000170  0.000039
   H   0.000000   0.757039   0.591996    0.000000  0.000170  0.000039
New geometry
   1 O      0.000000000000   0.000000000000  -0.009177266953 AA    0.000000000000   0.000000000000  -0.017342521112 Bohr

   2 H     -0.000000000000  -0.757039296225   0.591995890638 AA   -0.000000000000  -1.430596935399   1.118710100173 Bohr

   3 H      0.000000000000   0.757039296225   0.591995890638 AA    0.000000000000   1.430596935399   1.118710100173 Bohr



******** <class 'pyscf.scf.hf.RKS_Scanner'> ********
method = RKS_Scanner
initial guess = minao
damping factor = 0
level_shift factor = 0
DIIS = <class 'pyscf.scf.diis.CDIIS'>
diis_start_cycle = 1
diis_space = 8
SCF conv_tol = 1e-09
SCF conv_tol_grad = None
SCF max_cycles = 50
direct_scf = True
direct_scf_tol = 1e-13
chkfile to save SCF result = /tmp/tmplkgkbw_r
max_memory 4000 MB (current use 155 MB)
XC library pyscf.dft.libxc version 6.1.0
    S. Lehtola, C. Steigemann, M. J.T. Oliveira, and M. A.L. Marques.,  SoftwareX 7, 1–5 (2018)
XC functionals = B3LYP
    P. J. Stephens, F. J. Devlin, C. F. Chabalowski, and M. J. Frisch.,  J. Phys. Chem. 98, 11623 (1994)
radial grids: 
    Treutler-Ahlrichs [JCP 102, 346 (1995); DOI:10.1063/1.469408] (M4) radial grids
    
becke partition: Becke, JCP 88, 2547 (1988); DOI:10.1063/1.454033
pruning grids: <function nwchem_prune at 0xffff7c57eb00>
grids dens level: 3
symmetrized grids: False
atomic radii adjust function: <function treutler_atomic_radii_adjust at 0xffff7c57ea70>
small_rho_cutoff = 1e-07
Set gradient conv threshold to 3.16228e-05
tot grids = 34312
init E= -76.3582744798537
  HOMO = -0.291704763903066  LUMO = 0.0447717555183657
cycle= 1 E= -76.3583157812082  delta_E= -4.13e-05  |g|= 9.36e-05  |ddm|= 0.000342
  HOMO = -0.291643508408207  LUMO = 0.0448034718987731
cycle= 2 E= -76.358315780648  delta_E= 5.6e-10  |g|= 0.00011  |ddm|= 0.000118
  HOMO = -0.291666490989869  LUMO = 0.0447977209143376
cycle= 3 E= -76.35831578275  delta_E= -2.1e-09  |g|= 1.34e-05  |ddm|= 7.28e-05
  HOMO = -0.291665084992964  LUMO = 0.0447971499019052
cycle= 4 E= -76.3583157827811  delta_E= -3.11e-11  |g|= 6.97e-07  |ddm|= 8.43e-06
  HOMO = -0.291665321434358  LUMO = 0.0447971472053744
Extra cycle  E= -76.3583157827812  delta_E= -1.42e-13  |g|= 7.55e-07  |ddm|= 9.07e-07
converged SCF energy = -76.3583157827812


******** <class 'pyscf.grad.rhf.Gradients_Scanner'> for <class 'pyscf.scf.hf.RKS_Scanner'> ********
unit = Eh/Bohr
max_memory 4000 MB (current use 155 MB)
grid_response = False
--------------- RKS_Scanner gradients ---------------
         x                y                z
0 O     0.0000000000     0.0000000000    -0.0000053680
1 H     0.0000000000    -0.0000034100    -0.0000012679
2 H    -0.0000000000     0.0000034100    -0.0000012679
----------------------------------------------
cycle 4: E = -76.3583157828  dE = -2.14648e-08  norm(grad) = 7.43551e-06
Optimized geometry saved to results/water_opt.xyz
