#INFO: **** input file is /workspace/scripts/optimize_water.py ****
from pyscf import gto, dft
from pyscf.geomopt.geometric_solver import optimize
from pathlib import Path

# Define water molecule (starting geometry)
mol = gto.M(atom='''
O  0.0000  0.0000  0.0000
H  0.0000 -0.7570  0.5870
H  0.0000  0.7570  0.5870
''', basis='def2-svp', unit='Angstrom', verbose=4)

# Set up B3LYP calculation
mf = dft.RKS(mol).density_fit()
mf.xc = 'B3LYP'
mf.grids.level = 3
mf.conv_tol = 1e-9

# Optimize geometry
mol_opt = optimize(mf, maxsteps=100)

# Save optimized geometry
xyz_file = Path("results/water_opt.xyz")
with xyz_file.open("w") as f:
    f.write(f"{mol_opt.natm}\nOptimized H2O (B3LYP/def2-SVP)\n")
    for i, (x, y, z) in enumerate(mol_opt.atom_coords()):
        symbol = mol_opt.atom_symbol(i)
        f.write(f"{symbol:2s} {x:.8f} {y:.8f} {z:.8f}\n")

print(f"Optimized geometry saved to {xyz_file}")
#INFO: ******************** input file end ********************


System: uname_result(system='Linux', node='151f67976f82', release='7.0.12-linuxkit', version='#1 SMP PREEMPT Wed Aug 12 20:18:49 UTC 2026', machine='aarch64')  Threads 1
Python 3.10.21 (main, Aug 13 2026, 19:52:05) [GCC 14.2.0]
numpy 1.26.4  scipy 1.13.1
Date: Mon Aug 24 16:27:31 2026
PySCF version 2.4.0
PySCF path  /usr/local/lib/python3.10/site-packages/pyscf

[CONFIG] conf_file None
[INPUT] verbose = 4
[INPUT] num. atoms = 3
[INPUT] num. electrons = 10
[INPUT] charge = 0
[INPUT] spin (= nelec alpha-beta = 2S) = 0
[INPUT] symmetry False subgroup None
[INPUT] Mole.unit = Angstrom
[INPUT] Symbol           X                Y                Z      unit          X                Y                Z       unit  Magmom
[INPUT]  1 O      0.000000000000   0.000000000000   0.000000000000 AA    0.000000000000   0.000000000000   0.000000000000 Bohr   0.0
[INPUT]  2 H      0.000000000000  -0.757000000000   0.587000000000 AA    0.000000000000  -1.430522676296   1.109269235120 Bohr   0.0
[INPUT]  3 H      0.000000000000   0.757000000000   0.587000000000 AA    0.000000000000   1.430522676296   1.109269235120 Bohr   0.0

nuclear repulsion = 9.18825841774611
number of shells = 12
number of NR pGTOs = 38
number of NR cGTOs = 24
basis = def2-svp
ecp = {}
CPU time:         0.34
Create scanner for <class 'pyscf.df.grad.rks.Gradients'>
Create scanner for <class 'pyscf.df.df_jk.DFRKS'>

Geometry optimization cycle 1
Cartesian coordinates (Angstrom)
 Atom        New coordinates             dX        dY        dZ
   O   0.000000   0.000000   0.000000    0.000000  0.000000  0.000000
   H   0.000000  -0.757000   0.587000    0.000000  0.000000  0.000000
   H   0.000000   0.757000   0.587000    0.000000  0.000000  0.000000
New geometry
   1 O      0.000000000000   0.000000000000   0.000000000000 AA    0.000000000000   0.000000000000   0.000000000000 Bohr

   2 H      0.000000000000  -0.757000000000   0.587000000000 AA    0.000000000000  -1.430522676296   1.109269235120 Bohr

   3 H      0.000000000000   0.757000000000   0.587000000000 AA    0.000000000000   1.430522676296   1.109269235120 Bohr



******** <class 'pyscf.scf.hf.DFRKS_Scanner'> ********
method = DFRKS_Scanner
initial guess = minao
damping factor = 0
level_shift factor = 0
DIIS = <class 'pyscf.scf.diis.CDIIS'>
diis_start_cycle = 1
diis_space = 8
SCF conv_tol = 1e-09
SCF conv_tol_grad = None
SCF max_cycles = 50
direct_scf = False
chkfile to save SCF result = /tmp/tmp02ojvzvk
max_memory 4000 MB (current use 110 MB)
XC library pyscf.dft.libxc version 6.1.0
    S. Lehtola, C. Steigemann, M. J.T. Oliveira, and M. A.L. Marques.,  SoftwareX 7, 1–5 (2018)
XC functionals = B3LYP
    P. J. Stephens, F. J. Devlin, C. F. Chabalowski, and M. J. Frisch.,  J. Phys. Chem. 98, 11623 (1994)
radial grids: 
    Treutler-Ahlrichs [JCP 102, 346 (1995); DOI:10.1063/1.469408] (M4) radial grids
    
becke partition: Becke, JCP 88, 2547 (1988); DOI:10.1063/1.454033
pruning grids: <function nwchem_prune at 0xffff9c17eb00>
grids dens level: 3
symmetrized grids: False
atomic radii adjust function: <function treutler_atomic_radii_adjust at 0xffff9c17ea70>
small_rho_cutoff = 1e-07
Set gradient conv threshold to 3.16228e-05
Initial guess from minao.
tot grids = 34312
******** <class 'pyscf.df.df.DF'> ********
auxbasis = None
max_memory = 4000
Default auxbasis def2-svp-jkfit is used for O def2-svp
Default auxbasis def2-svp-jkfit is used for H def2-svp
init E= -76.2903879589553
  HOMO = -0.431529989813612  LUMO = 0.0035267242134845
cycle= 1 E= -76.267365195017  delta_E= 0.023  |g|= 0.702  |ddm|=  1.4
  HOMO = -0.124691978293417  LUMO = 0.076237115125632
cycle= 2 E= -76.1823890443629  delta_E= 0.085  |g|= 0.976  |ddm|= 1.08
  HOMO = -0.297547168234524  LUMO = 0.0431742166241715
cycle= 3 E= -76.358053400314  delta_E= -0.176  |g|= 0.024  |ddm|= 0.666
  HOMO = -0.291455242514195  LUMO = 0.0473181646770106
cycle= 4 E= -76.3581573766827  delta_E= -0.000104  |g|= 0.00371  |ddm|= 0.0144
  HOMO = -0.291765639916061  LUMO = 0.0470205668585018
cycle= 5 E= -76.3581596020576  delta_E= -2.23e-06  |g|= 0.000427  |ddm|= 0.00208
  HOMO = -0.291900604898205  LUMO = 0.0469972051876808
cycle= 6 E= -76.3581596371425  delta_E= -3.51e-08  |g|= 8.2e-06  |ddm|= 0.00031
  HOMO = -0.291901076689597  LUMO = 0.0469961733474958
cycle= 7 E= -76.3581596371747  delta_E= -3.22e-11  |g|= 1.15e-06  |ddm|= 1.55e-05
  HOMO = -0.291900719608707  LUMO = 0.0469963557859268
Extra cycle  E= -76.3581596371752  delta_E= -4.41e-13  |g|= 8.7e-07  |ddm|= 1.67e-06
converged SCF energy = -76.3581596371752


******** <class 'pyscf.grad.rhf.Gradients_Scanner'> for <class 'pyscf.scf.hf.DFRKS_Scanner'> ********
unit = Eh/Bohr
max_memory 4000 MB (current use 154 MB)
grid_response = False
--------------- DFRKS_Scanner gradients ---------------
         x                y                z
0 O    -0.0000000000    -0.0000000000     0.0124210297
1 H     0.0000000000     0.0056038383    -0.0062147458
2 H     0.0000000000    -0.0056038383    -0.0062147458
----------------------------------------------
cycle 1: E = -76.3581596372  dE = -76.3582  norm(grad) = 0.0171562

Geometry optimization cycle 2
Cartesian coordinates (Angstrom)
 Atom        New coordinates             dX        dY        dZ
   O   0.000000  -0.000000  -0.007325    0.000000 -0.000000 -0.007325
   H   0.000000  -0.758194   0.590797    0.000000 -0.001194  0.003797
   H  -0.000000   0.758194   0.590797   -0.000000  0.001194  0.003797
New geometry
   1 O      0.000000000000  -0.000000000000  -0.007325370634 AA    0.000000000000  -0.000000000000  -0.013842944260 Bohr

   2 H      0.000000000000  -0.758193681785   0.590797021429 AA    0.000000000000  -1.432778407949   1.116444565709 Bohr

   3 H     -0.000000000000   0.758193681785   0.590797021429 AA   -0.000000000000   1.432778407949   1.116444565709 Bohr


WARN: Large deviations found between the input molecule and the molecule from chkfile
Initial guess density matrix may have large error.



******** <class 'pyscf.scf.hf.DFRKS_Scanner'> ********
method = DFRKS_Scanner
initial guess = minao
damping factor = 0
level_shift factor = 0
DIIS = <class 'pyscf.scf.diis.CDIIS'>
diis_start_cycle = 1
diis_space = 8
SCF conv_tol = 1e-09
SCF conv_tol_grad = None
SCF max_cycles = 50
direct_scf = False
chkfile to save SCF result = /tmp/tmp02ojvzvk
max_memory 4000 MB (current use 155 MB)
XC library pyscf.dft.libxc version 6.1.0
    S. Lehtola, C. Steigemann, M. J.T. Oliveira, and M. A.L. Marques.,  SoftwareX 7, 1–5 (2018)
XC functionals = B3LYP
    P. J. Stephens, F. J. Devlin, C. F. Chabalowski, and M. J. Frisch.,  J. Phys. Chem. 98, 11623 (1994)
radial grids: 
    Treutler-Ahlrichs [JCP 102, 346 (1995); DOI:10.1063/1.469408] (M4) radial grids
    
becke partition: Becke, JCP 88, 2547 (1988); DOI:10.1063/1.454033
pruning grids: <function nwchem_prune at 0xffff9c17eb00>
grids dens level: 3
symmetrized grids: False
atomic radii adjust function: <function treutler_atomic_radii_adjust at 0xffff9c17ea70>
small_rho_cutoff = 1e-07
Set gradient conv threshold to 3.16228e-05
tot grids = 34312
******** <class 'pyscf.df.df.DF'> ********
auxbasis = None
max_memory = 4000
Default auxbasis def2-svp-jkfit is used for O def2-svp
Default auxbasis def2-svp-jkfit is used for H def2-svp
init E= -76.3509233429603
  HOMO = -0.296104146796447  LUMO = 0.0420134860068892
cycle= 1 E= -76.3583118679729  delta_E= -0.00739  |g|= 0.00674  |ddm|= 0.0199
  HOMO = -0.289861960889879  LUMO = 0.0456118767228726
cycle= 2 E= -76.3583084225444  delta_E= 3.45e-06  |g|= 0.00856  |ddm|= 0.0102
  HOMO = -0.291598918155117  LUMO = 0.0451767975862113
cycle= 3 E= -76.358321285192  delta_E= -1.29e-05  |g|= 0.000709  |ddm|= 0.00539
  HOMO = -0.291581804149181  LUMO = 0.045106091409539
cycle= 4 E= -76.3583213713042  delta_E= -8.61e-08  |g|= 0.000113  |ddm|= 0.00052
  HOMO = -0.291613144043074  LUMO = 0.0450983370051395
cycle= 5 E= -76.3583213736958  delta_E= -2.39e-09  |g|= 2.57e-06  |ddm|= 7.2e-05
  HOMO = -0.29161338329391  LUMO = 0.0450984589671508
cycle= 6 E= -76.3583213737  delta_E= -4.23e-12  |g|= 3.07e-07  |ddm|= 6.48e-06
  HOMO = -0.291613206238838  LUMO = 0.0450984982482118
Extra cycle  E= -76.3583213737  delta_E= 4.26e-14  |g|= 4.08e-07  |ddm|= 5.39e-07
converged SCF energy = -76.3583213737


******** <class 'pyscf.grad.rhf.Gradients_Scanner'> for <class 'pyscf.scf.hf.DFRKS_Scanner'> ********
unit = Eh/Bohr
max_memory 4000 MB (current use 156 MB)
grid_response = False
--------------- DFRKS_Scanner gradients ---------------
         x                y                z
0 O     0.0000000000     0.0000000000     0.0017511983
1 H     0.0000000000     0.0002948187    -0.0008796744
2 H    -0.0000000000    -0.0002948187    -0.0008796744
----------------------------------------------
cycle 2: E = -76.3583213737  dE = -0.000161737  norm(grad) = 0.00218819

Geometry optimization cycle 3
Cartesian coordinates (Angstrom)
 Atom        New coordinates             dX        dY        dZ
   O   0.000000  -0.000000  -0.009338   -0.000000 -0.000000 -0.002013
   H   0.000000  -0.756873   0.591954   -0.000000  0.001321  0.001157
   H  -0.000000   0.756873   0.591954    0.000000 -0.001321  0.001157
New geometry
   1 O      0.000000000000  -0.000000000000  -0.009337897254 AA    0.000000000000  -0.000000000000  -0.017646068389 Bohr

   2 H      0.000000000000  -0.756872880062   0.591954032686 AA    0.000000000000  -1.430282454429   1.118631000108 Bohr

   3 H     -0.000000000000   0.756872880062   0.591954032685 AA   -0.000000000000   1.430282454429   1.118631000107 Bohr


WARN: Large deviations found between the input molecule and the molecule from chkfile
Initial guess density matrix may have large error.



******** <class 'pyscf.scf.hf.DFRKS_Scanner'> ********
method = DFRKS_Scanner
initial guess = minao
damping factor = 0
level_shift factor = 0
DIIS = <class 'pyscf.scf.diis.CDIIS'>
diis_start_cycle = 1
diis_space = 8
SCF conv_tol = 1e-09
SCF conv_tol_grad = None
SCF max_cycles = 50
direct_scf = False
chkfile to save SCF result = /tmp/tmp02ojvzvk
max_memory 4000 MB (current use 156 MB)
XC library pyscf.dft.libxc version 6.1.0
    S. Lehtola, C. Steigemann, M. J.T. Oliveira, and M. A.L. Marques.,  SoftwareX 7, 1–5 (2018)
XC functionals = B3LYP
    P. J. Stephens, F. J. Devlin, C. F. Chabalowski, and M. J. Frisch.,  J. Phys. Chem. 98, 11623 (1994)
radial grids: 
    Treutler-Ahlrichs [JCP 102, 346 (1995); DOI:10.1063/1.469408] (M4) radial grids
    
becke partition: Becke, JCP 88, 2547 (1988); DOI:10.1063/1.454033
pruning grids: <function nwchem_prune at 0xffff9c17eb00>
grids dens level: 3
symmetrized grids: False
atomic radii adjust function: <function treutler_atomic_radii_adjust at 0xffff9c17ea70>
small_rho_cutoff = 1e-07
Set gradient conv threshold to 3.16228e-05
tot grids = 34312
******** <class 'pyscf.df.df.DF'> ********
auxbasis = None
max_memory = 4000
Default auxbasis def2-svp-jkfit is used for O def2-svp
Default auxbasis def2-svp-jkfit is used for H def2-svp
init E= -76.3573516018836
  HOMO = -0.29211845083421  LUMO = 0.0444834359417146
cycle= 1 E= -76.3583256895698  delta_E= -0.000974  |g|= 0.000549  |ddm|= 0.00558
  HOMO = -0.291554284842096  LUMO = 0.0448467483582711
cycle= 2 E= -76.3583257170207  delta_E= -2.75e-08  |g|= 0.000528  |ddm|= 0.000834
  HOMO = -0.291683525376568  LUMO = 0.0448133404435491
cycle= 3 E= -76.3583257635056  delta_E= -4.65e-08  |g|= 0.000125  |ddm|= 0.000385
  HOMO = -0.291668763906297  LUMO = 0.0448104178549803
cycle= 4 E= -76.3583257663474  delta_E= -2.84e-09  |g|= 1.26e-05  |ddm|= 9.54e-05
  HOMO = -0.291670017100287  LUMO = 0.0448110994920062
cycle= 5 E= -76.3583257663769  delta_E= -2.95e-11  |g|= 8.39e-07  |ddm|= 7.7e-06
  HOMO = -0.291670232287139  LUMO = 0.0448110150666572
Extra cycle  E= -76.3583257663771  delta_E= -1.85e-13  |g|= 4.59e-07  |ddm|= 1.27e-06
converged SCF energy = -76.3583257663771


******** <class 'pyscf.grad.rhf.Gradients_Scanner'> for <class 'pyscf.scf.hf.DFRKS_Scanner'> ********
unit = Eh/Bohr
max_memory 4000 MB (current use 157 MB)
grid_response = False
--------------- DFRKS_Scanner gradients ---------------
         x                y                z
0 O     0.0000000000    -0.0000000000     0.0000130290
1 H    -0.0000000000     0.0000748196    -0.0000104574
2 H    -0.0000000000    -0.0000748196    -0.0000104574
----------------------------------------------
cycle 3: E = -76.3583257664  dE = -4.39268e-06  norm(grad) = 0.000107631

Geometry optimization cycle 4
Cartesian coordinates (Angstrom)
 Atom        New coordinates             dX        dY        dZ
   O   0.000000  -0.000000  -0.009171   -0.000000 -0.000000  0.000167
   H   0.000000  -0.757043   0.591993    0.000000 -0.000170  0.000039
   H  -0.000000   0.757043   0.591993   -0.000000  0.000170  0.000039
New geometry
   1 O      0.000000000000  -0.000000000000  -0.009171239190 AA    0.000000000000  -0.000000000000  -0.017331130292 Bohr

   2 H      0.000000000000  -0.757043291124   0.591992906063 AA    0.000000000000  -1.430604484663   1.118704460144 Bohr

   3 H     -0.000000000000   0.757043291123   0.591992906062 AA   -0.000000000000   1.430604484663   1.118704460143 Bohr



******** <class 'pyscf.scf.hf.DFRKS_Scanner'> ********
method = DFRKS_Scanner
initial guess = minao
damping factor = 0
level_shift factor = 0
DIIS = <class 'pyscf.scf.diis.CDIIS'>
diis_start_cycle = 1
diis_space = 8
SCF conv_tol = 1e-09
SCF conv_tol_grad = None
SCF max_cycles = 50
direct_scf = False
chkfile to save SCF result = /tmp/tmp02ojvzvk
max_memory 4000 MB (current use 157 MB)
XC library pyscf.dft.libxc version 6.1.0
    S. Lehtola, C. Steigemann, M. J.T. Oliveira, and M. A.L. Marques.,  SoftwareX 7, 1–5 (2018)
XC functionals = B3LYP
    P. J. Stephens, F. J. Devlin, C. F. Chabalowski, and M. J. Frisch.,  J. Phys. Chem. 98, 11623 (1994)
radial grids: 
    Treutler-Ahlrichs [JCP 102, 346 (1995); DOI:10.1063/1.469408] (M4) radial grids
    
becke partition: Becke, JCP 88, 2547 (1988); DOI:10.1063/1.454033
pruning grids: <function nwchem_prune at 0xffff9c17eb00>
grids dens level: 3
symmetrized grids: False
atomic radii adjust function: <function treutler_atomic_radii_adjust at 0xffff9c17ea70>
small_rho_cutoff = 1e-07
Set gradient conv threshold to 3.16228e-05
tot grids = 34312
******** <class 'pyscf.df.df.DF'> ********
auxbasis = None
max_memory = 4000
Default auxbasis def2-svp-jkfit is used for O def2-svp
Default auxbasis def2-svp-jkfit is used for H def2-svp
init E= -76.3582844955622
  HOMO = -0.29169779384193  LUMO = 0.044779157740356
cycle= 1 E= -76.3583257862638  delta_E= -4.13e-05  |g|= 9.35e-05  |ddm|= 0.000342
  HOMO = -0.291636552569618  LUMO = 0.0448108718476914
cycle= 2 E= -76.3583257857038  delta_E= 5.6e-10  |g|= 0.00011  |ddm|= 0.000118
  HOMO = -0.291659530796404  LUMO = 0.0448051229915989
cycle= 3 E= -76.3583257878047  delta_E= -2.1e-09  |g|= 1.34e-05  |ddm|= 7.28e-05
  HOMO = -0.291658125684263  LUMO = 0.0448045518738088
cycle= 4 E= -76.358325787836  delta_E= -3.13e-11  |g|= 6.98e-07  |ddm|= 8.43e-06
  HOMO = -0.291658362402607  LUMO = 0.0448045491182715
Extra cycle  E= -76.3583257878361  delta_E= -5.68e-14  |g|= 7.56e-07  |ddm|= 9.08e-07
converged SCF energy = -76.3583257878361


******** <class 'pyscf.grad.rhf.Gradients_Scanner'> for <class 'pyscf.scf.hf.DFRKS_Scanner'> ********
unit = Eh/Bohr
max_memory 4000 MB (current use 157 MB)
grid_response = False
--------------- DFRKS_Scanner gradients ---------------
         x                y                z
0 O     0.0000000000    -0.0000000000    -0.0000053721
1 H     0.0000000000    -0.0000034165    -0.0000012663
2 H    -0.0000000000     0.0000034165    -0.0000012663
----------------------------------------------
cycle 4: E = -76.3583257878  dE = -2.1459e-08  norm(grad) = 7.44387e-06
Optimized geometry saved to results/water_opt.xyz
