#INFO: **** input file is /workspace/scripts/water_dft.py ****
from pyscf import gto, dft

# Define water molecule
mol = gto.M(atom='''
O  0.0000  0.0000  0.0000
H  0.0000 -0.7570  0.5870
H  0.0000  0.7570  0.5870
''', basis='def2-svp', unit='Angstrom', verbose=4)

# Run B3LYP DFT calculation
mf = dft.RKS(mol)
mf.xc = 'B3LYP'
mf.grids.level = 3
mf.conv_tol = 1e-9
energy = mf.kernel()

print(f"B3LYP Energy = {energy:.10f} Hartree")
with open("results/water_b3lyp.txt", "w") as f:
    f.write(f"{energy:.12f}\n")
#INFO: ******************** input file end ********************


System: uname_result(system='Linux', node='8144fd0a9bc1', release='7.0.12-linuxkit', version='#1 SMP PREEMPT Wed Aug 12 20:18:49 UTC 2026', machine='aarch64')  Threads 1
Python 3.10.21 (main, Aug 13 2026, 19:52:05) [GCC 14.2.0]
numpy 1.26.4  scipy 1.13.1
Date: Mon Aug 24 16:47:24 2026
PySCF version 2.4.0
PySCF path  /usr/local/lib/python3.10/site-packages/pyscf

[CONFIG] conf_file None
[INPUT] verbose = 4
[INPUT] num. atoms = 3
[INPUT] num. electrons = 10
[INPUT] charge = 0
[INPUT] spin (= nelec alpha-beta = 2S) = 0
[INPUT] symmetry False subgroup None
[INPUT] Mole.unit = Angstrom
[INPUT] Symbol           X                Y                Z      unit          X                Y                Z       unit  Magmom
[INPUT]  1 O      0.000000000000   0.000000000000   0.000000000000 AA    0.000000000000   0.000000000000   0.000000000000 Bohr   0.0
[INPUT]  2 H      0.000000000000  -0.757000000000   0.587000000000 AA    0.000000000000  -1.430522676296   1.109269235120 Bohr   0.0
[INPUT]  3 H      0.000000000000   0.757000000000   0.587000000000 AA    0.000000000000   1.430522676296   1.109269235120 Bohr   0.0

nuclear repulsion = 9.18825841774611
number of shells = 12
number of NR pGTOs = 38
number of NR cGTOs = 24
basis = def2-svp
ecp = {}
CPU time:         0.18


******** <class 'pyscf.dft.rks.RKS'> ********
method = RKS
initial guess = minao
damping factor = 0
level_shift factor = 0
DIIS = <class 'pyscf.scf.diis.CDIIS'>
diis_start_cycle = 1
diis_space = 8
SCF conv_tol = 1e-09
SCF conv_tol_grad = None
SCF max_cycles = 50
direct_scf = True
direct_scf_tol = 1e-13
chkfile to save SCF result = /tmp/tmp8jgjt5w8
max_memory 4000 MB (current use 80 MB)
XC library pyscf.dft.libxc version 6.1.0
    S. Lehtola, C. Steigemann, M. J.T. Oliveira, and M. A.L. Marques.,  SoftwareX 7, 1–5 (2018)
XC functionals = B3LYP
    P. J. Stephens, F. J. Devlin, C. F. Chabalowski, and M. J. Frisch.,  J. Phys. Chem. 98, 11623 (1994)
radial grids: 
    Treutler-Ahlrichs [JCP 102, 346 (1995); DOI:10.1063/1.469408] (M4) radial grids
    
becke partition: Becke, JCP 88, 2547 (1988); DOI:10.1063/1.454033
pruning grids: <function nwchem_prune at 0xffff9f09eb00>
grids dens level: 3
symmetrized grids: False
atomic radii adjust function: <function treutler_atomic_radii_adjust at 0xffff9f09ea70>
small_rho_cutoff = 1e-07
Set gradient conv threshold to 3.16228e-05
Initial guess from minao.
tot grids = 34312
init E= -76.2903786510569
  HOMO = -0.431530131651883  LUMO = 0.00351704195601528
cycle= 1 E= -76.2673498102587  delta_E= 0.023  |g|= 0.702  |ddm|=  1.4
  HOMO = -0.124692500106454  LUMO = 0.0762407355858333
cycle= 2 E= -76.1823516520195  delta_E= 0.085  |g|= 0.976  |ddm|= 1.08
  HOMO = -0.297554061350036  LUMO = 0.0431682418753132
cycle= 3 E= -76.3580432206906  delta_E= -0.176  |g|= 0.024  |ddm|= 0.666
  HOMO = -0.291461689800073  LUMO = 0.0473122799312647
cycle= 4 E= -76.3581472298511  delta_E= -0.000104  |g|= 0.00371  |ddm|= 0.0144
  HOMO = -0.291772519589122  LUMO = 0.0470145970824563
cycle= 5 E= -76.3581494550256  delta_E= -2.23e-06  |g|= 0.000427  |ddm|= 0.00208
  HOMO = -0.2919075277261  LUMO = 0.0469912440531242
cycle= 6 E= -76.3581494901046  delta_E= -3.51e-08  |g|= 8.21e-06  |ddm|= 0.00031
  HOMO = -0.291908007512004  LUMO = 0.0469902126024218
cycle= 7 E= -76.3581494901369  delta_E= -3.23e-11  |g|= 1.15e-06  |ddm|= 1.55e-05
  HOMO = -0.291907649270601  LUMO = 0.0469903950579694
Extra cycle  E= -76.358149490137  delta_E= -1.42e-13  |g|= 8.74e-07  |ddm|= 1.67e-06
converged SCF energy = -76.358149490137
B3LYP Energy = -76.3581494901 Hartree
